Microchip MPLAB XC8 Compiler V2.46

Linker command line:

-W-3 \
  --edf=C:\Program Files\Microchip\xc8\v2.46\pic\dat\20240104201356_en.msgs \
  -cn -h+dist/default/production\stopwatch.X.production.sym \
  --cmf=dist/default/production\stopwatch.X.production.cmf -z -Q16F84A \
  -oC:\Users\Lorens\AppData\Local\Temp\xcAsaqo.\driver_tmp_3.o \
  --defsym=__MPLAB_BUILD=1 --fixupoverflow=error \
  -Mdist/default/production/stopwatch.X.production.map \
  --md=C:\Users\Lorens\AppData\Local\Temp\xcAsaqo.\driver_tmp_0.dat -E1 \
  -ver=XC8 Compiler --acfsm=1493 -ACODE=00h-03FFh -ASTRCODE=00h-03FFh \
  -ASTRING=00h-0FFhx4 -ACONST=00h-0FFhx4 -AENTRY=00h-0FFhx4 \
  -ABANK0=0Ch-04Dh -ARAM=0Ch-04Dh -AABS1=0Ch-04Fh -ACOMMON=04Eh-04Fh \
  -ASFR0=00h-0Bh -ASFR1=080h-0CDh -ACONFIG=02007h-02007h -DCONFIG=2 \
  -AIDLOC=02000h-02003h -DIDLOC=2 -AEEDATA=00h-03Fh/02100h \
  -peeprom_data=EEDATA -DEEDATA=2 -DCODE=2 -DSTRCODE=2 -DSTRING=2 -DCONST=2 \
  -DENTRY=2 -preset_vec=00h,intentry=04h,sivt,init,end_init -ppowerup=CODE \
  -pcinit=CODE -pfunctab=ENTRY -k \
  C:\Users\Lorens\AppData\Local\Temp\xcAsaqo.\driver_tmp_12.o \
  dist/default/production\stopwatch.X.production.o 

Object code version is 3.11

Machine type is 16F84A



                Name                               Link     Load   Length Selector   Space Scale
C:\Users\Lorens\AppData\Local\Temp\xcAsaqo.\driver_tmp_12.o
                end_init                              B        B        1        8       0
                reset_vec                             0        0        1        0       0
                config                             2007     2007        1        0       4
dist/default/production\stopwatch.X.production.o
                cinit                                 C        C        6        8       0
                intentry                              4        4        7        8       0
                config                             2007     2007        1        0       4
                text1                                12       12       79        8       0
                maintext                             8B       8B       3D        8       0
                cstackBANK0                           C        C        B        C       1
                dataBANK0                            19       19        1        C       1
                bssBANK0                             17       17        2        C       1
                idataBANK0                           C8       C8        1        8       0

TOTAL           Name                               Link     Load   Length     Space
        CLASS   CODE           
                end_init                              B        B        1         0
                cinit                                 C        C        6         0
                intentry                              4        4        7         0
                reset_vec                             0        0        1         0
                text1                                12       12       79         0
                maintext                             8B       8B       3D         0
                idataBANK0                           C8       C8        1         0

        CLASS   STRCODE        

        CLASS   STRING         

        CLASS   CONST          

        CLASS   ENTRY          

        CLASS   BANK0          
                cstackBANK0                           C        C        B         1
                dataBANK0                            19       19        1         1
                bssBANK0                             17       17        2         1

        CLASS   RAM            

        CLASS   ABS1           
                abs_s1                               4E       4E        2         1

        CLASS   COMMON         

        CLASS   SFR0           

        CLASS   SFR1           

        CLASS   CONFIG         
                config                             2007     2007        1         4

        CLASS   IDLOC          

        CLASS   EEDATA         

        CLASS   BANK1          

        CLASS   HEAP           

        CLASS   STACK          



SEGMENTS        Name                           Load    Length   Top    Selector   Space  Class     Delta

                reset_vec                      000000  000001  000001         0       0  CODE        2
                intentry                       000004  0000C5  0000C9         8       0  CODE        2
                cstackBANK0                    00000C  00000E  00001A         C       1  BANK0       1


UNUSED ADDRESS RANGES

        Name                Unused          Largest block    Delta
        BANK0            001A-004D             34           1
        CODE             0001-0003              3           2
                         00C9-03FF            337
        CONST            0001-0003              3           2
                         00C9-03FF            100
        EEDATA           2100-213F             40           2
        ENTRY            0001-0003              3           2
                         00C9-03FF            100
        IDLOC            2000-2003              4           2
        RAM              001A-004D             34           1
        SFR0             0000-000B              C           1
        SFR1             0080-00CD             4E           1
        STRCODE          0001-0003              3           2
                         00C9-03FF            337
        STRING           0001-0003              3           2
                         00C9-03FF            100

                                  Symbol Table

ISR@curr_RB7             cstackBANK0  0011
_INTCONbits              (abs)        000B
_ISR                     text1        0012
_OPTION_REGbits          (abs)        0081
_PORTA                   (abs)        0005
_PORTB                   (abs)        0006
_PORTBbits               (abs)        0006
_TRISA                   (abs)        0085
_TRISB                   (abs)        0086
__H__absolute__          __absolute__ 0000
__Habs1                  abs1         0000
__Hbank0                 bank0        0000
__Hbank1                 bank1        0000
__HbssBANK0              bssBANK0     0000
__Hcinit                 cinit        0012
__Hclrtext               clrtext      0000
__Hcode                  code         0000
__Hcommon                common       0000
__Hconfig                config       2008
__HcstackBANK0           cstackBANK0  0000
__HdataBANK0             dataBANK0    0000
__Heeprom_data           eeprom_data  0000
__Hend_init              end_init     000C
__Hfunctab               functab      0000
__Hheap                  heap         0000
__HidataBANK0            idataBANK0   0000
__Hinit                  init         000B
__Hintentry              intentry     000B
__Hmaintext              maintext     0000
__Hpowerup               powerup      0000
__Hram                   ram          0000
__Hreset_vec             reset_vec    0001
__Hsfr0                  sfr0         0000
__Hsfr1                  sfr1         0000
__Hsivt                  sivt         000B
__Hspace_0               (abs)        00C9
__Hspace_1               (abs)        001A
__Hspace_2               (abs)        0000
__Hspace_3               (abs)        0000
__Hspace_4               (abs)        400F
__Hstack                 stack        0000
__Hstrings               strings      0000
__Htext                  text         0000
__L__absolute__          __absolute__ 0000
__Labs1                  abs1         0000
__Lbank0                 bank0        0000
__Lbank1                 bank1        0000
__LbssBANK0              bssBANK0     0000
__Lcinit                 cinit        000C
__Lclrtext               clrtext      0000
__Lcode                  code         0000
__Lcommon                common       0000
__Lconfig                config       0000
__LcstackBANK0           cstackBANK0  0000
__LdataBANK0             dataBANK0    0000
__Leeprom_data           eeprom_data  0000
__Lend_init              end_init     000B
__Lfunctab               functab      0000
__Lheap                  heap         0000
__LidataBANK0            idataBANK0   0000
__Linit                  init         000B
__Lintentry              intentry     0004
__Lmaintext              maintext     0000
__Lpowerup               powerup      0000
__Lram                   ram          0000
__Lreset_vec             reset_vec    0000
__Lsfr0                  sfr0         0000
__Lsfr1                  sfr1         0000
__Lsivt                  sivt         000B
__Lspace_0               (abs)        0000
__Lspace_1               (abs)        0000
__Lspace_2               (abs)        0000
__Lspace_3               (abs)        0000
__Lspace_4               (abs)        0000
__Lstack                 stack        0000
__Lstrings               strings      0000
__Ltext                  text         0000
__S0                     (abs)        00C9
__S1                     (abs)        001A
__S3                     (abs)        0000
___heap_hi               (abs)        0000
___heap_lo               (abs)        0000
___int_sp                stack        0000
___int_stack_hi          stack        0000
___int_stack_lo          stack        0000
___latbits               (abs)        0000
___sp                    stack        0000
___stack_hi              stack        0000
___stack_lo              stack        0000
___stackhi               (abs)        0000
___stacklo               (abs)        0000
__end_of_ISR             text1        008B
__end_of__initialization cinit        0010
__end_of_main            maintext     00C8
__initialization         cinit        000C
__pbssBANK0              bssBANK0     0017
__pcstackBANK0           cstackBANK0  000C
__pdataBANK0             dataBANK0    0019
__pidataBANK0            idataBANK0   00C8
__pintentry              intentry     0004
__pmaintext              maintext     008B
__ptext1                 text1        0012
_curr_PORTB              bssBANK0     0017
_main                    maintext     008B
_prev_RB7                bssBANK0     0018
_startFlag               dataBANK0    0019
btemp                    (abs)        004E
end_of_initialization    cinit        0010
interrupt_function       intentry     0004
intlevel0                functab      0000
intlevel1                functab      0000
intlevel2                functab      0000
intlevel3                functab      0000
intlevel4                functab      0000
intlevel5                functab      0000
main@i                   cstackBANK0  0015
reset_vec                reset_vec    0000
saved_w                  (abs)        004E
start                    init         000B
start_initialization     cinit        000C
wtemp0                   (abs)        004E


MODULE INFORMATION

Module		Function		Class		Link	Load	Size
newmain.c
		_ISR           		CODE           	0012	0000	121
		_main          		CODE           	008B	0000	61

newmain.c estimated size: 182

shared
		__initialization		CODE           	000C	0000	4

shared estimated size: 4

